<?xml version="1.0" encoding="utf-8"?><testsuites><testsuite name="pytest" errors="0" failures="0" skipped="0" tests="5" time="0.129" timestamp="2021-03-25T12:14:42.942723" hostname="DESKTOP-ADMAO2E"><testcase classname="test.test_math_app" name="test_hello" file="test\test_math_app.py" line="8" time="0.003" /><testcase classname="test.test_math_app" name="test_add" file="test\test_math_app.py" line="14" time="0.001" /><testcase classname="test.test_math_app" name="test_subtract" file="test\test_math_app.py" line="21" time="0.001" /><testcase classname="test.test_math_app" name="test_multiply" file="test\test_math_app.py" line="28" time="0.001" /><testcase classname="test.test_math_app" name="test_divide" file="test\test_math_app.py" line="35" time="0.001" /></testsuite></testsuites>